mode: atomic
github.com/wjames2000/opc-macs/internal/config/config.go:48.41,50.16 2 4
github.com/wjames2000/opc-macs/internal/config/config.go:50.16,52.3 1 1
github.com/wjames2000/opc-macs/internal/config/config.go:54.2,55.51 2 3
github.com/wjames2000/opc-macs/internal/config/config.go:55.51,57.3 1 0
github.com/wjames2000/opc-macs/internal/config/config.go:59.2,59.39 1 3
github.com/wjames2000/opc-macs/internal/config/config.go:59.39,61.3 1 1
github.com/wjames2000/opc-macs/internal/config/config.go:63.2,63.18 1 2
github.com/wjames2000/opc-macs/internal/config/config.go:66.35,67.28 1 3
github.com/wjames2000/opc-macs/internal/config/config.go:67.28,69.3 1 1
github.com/wjames2000/opc-macs/internal/config/config.go:70.2,70.32 1 2
github.com/wjames2000/opc-macs/internal/config/config.go:70.32,72.3 1 1
github.com/wjames2000/opc-macs/internal/config/config.go:73.2,73.24 1 2
github.com/wjames2000/opc-macs/internal/config/config.go:73.24,75.3 1 1
github.com/wjames2000/opc-macs/internal/config/config.go:76.2,76.39 1 2
github.com/wjames2000/opc-macs/internal/config/config.go:76.39,78.3 1 1
github.com/wjames2000/opc-macs/internal/config/config.go:79.2,79.30 1 2
github.com/wjames2000/opc-macs/internal/config/config.go:79.30,81.3 1 1
github.com/wjames2000/opc-macs/internal/config/config.go:82.2,82.37 1 2
github.com/wjames2000/opc-macs/internal/config/config.go:82.37,84.3 1 1
github.com/wjames2000/opc-macs/internal/config/config.go:85.2,85.30 1 2
github.com/wjames2000/opc-macs/internal/config/config.go:85.30,87.3 1 1
github.com/wjames2000/opc-macs/internal/config/config.go:88.2,88.28 1 2
github.com/wjames2000/opc-macs/internal/config/config.go:88.28,90.3 1 1
github.com/wjames2000/opc-macs/internal/config/config.go:91.2,91.12 1 2
github.com/wjames2000/opc-macs/internal/memory/engine.go:18.47,19.22 1 7
github.com/wjames2000/opc-macs/internal/memory/engine.go:19.22,21.3 1 0
github.com/wjames2000/opc-macs/internal/memory/engine.go:22.2,23.19 2 7
github.com/wjames2000/opc-macs/internal/memory/engine.go:23.19,27.3 3 73
github.com/wjames2000/opc-macs/internal/memory/engine.go:28.2,28.30 1 7
github.com/wjames2000/opc-macs/internal/memory/engine.go:28.30,30.3 1 0
github.com/wjames2000/opc-macs/internal/memory/engine.go:31.2,31.68 1 7
github.com/wjames2000/opc-macs/internal/memory/engine.go:40.67,42.47 2 4
github.com/wjames2000/opc-macs/internal/memory/engine.go:42.47,44.3 1 0
github.com/wjames2000/opc-macs/internal/memory/engine.go:46.2,51.46 2 4
github.com/wjames2000/opc-macs/internal/memory/engine.go:51.46,53.3 1 3
github.com/wjames2000/opc-macs/internal/memory/engine.go:55.2,55.20 1 1
github.com/wjames2000/opc-macs/internal/memory/engine.go:58.39,62.2 1 1
github.com/wjames2000/opc-macs/internal/memory/engine.go:64.79,65.20 1 4
github.com/wjames2000/opc-macs/internal/memory/engine.go:65.20,67.3 1 0
github.com/wjames2000/opc-macs/internal/memory/engine.go:68.2,68.30 1 4
github.com/wjames2000/opc-macs/internal/memory/engine.go:68.30,70.3 1 0
github.com/wjames2000/opc-macs/internal/memory/engine.go:72.2,76.26 4 4
github.com/wjames2000/opc-macs/internal/memory/engine.go:79.48,80.23 1 4
github.com/wjames2000/opc-macs/internal/memory/engine.go:80.23,82.3 1 0
github.com/wjames2000/opc-macs/internal/memory/engine.go:84.2,86.16 3 4
github.com/wjames2000/opc-macs/internal/memory/engine.go:86.16,88.3 1 0
github.com/wjames2000/opc-macs/internal/memory/engine.go:90.2,90.58 1 4
github.com/wjames2000/opc-macs/internal/memory/engine.go:90.58,92.3 1 0
github.com/wjames2000/opc-macs/internal/memory/engine.go:94.2,94.56 1 4
github.com/wjames2000/opc-macs/internal/memory/engine.go:94.56,96.3 1 0
github.com/wjames2000/opc-macs/internal/memory/engine.go:98.2,98.12 1 4
github.com/wjames2000/opc-macs/internal/memory/engine.go:106.105,110.15 3 1
github.com/wjames2000/opc-macs/internal/memory/engine.go:110.15,112.3 1 0
github.com/wjames2000/opc-macs/internal/memory/engine.go:114.2,115.34 2 1
github.com/wjames2000/opc-macs/internal/memory/engine.go:115.34,117.19 2 2
github.com/wjames2000/opc-macs/internal/memory/engine.go:117.19,119.4 1 2
github.com/wjames2000/opc-macs/internal/memory/engine.go:122.2,122.45 1 1
github.com/wjames2000/opc-macs/internal/memory/engine.go:122.45,124.3 1 1
github.com/wjames2000/opc-macs/internal/memory/engine.go:126.2,126.28 1 1
github.com/wjames2000/opc-macs/internal/memory/engine.go:126.28,128.3 1 0
github.com/wjames2000/opc-macs/internal/memory/engine.go:130.2,131.31 2 1
github.com/wjames2000/opc-macs/internal/memory/engine.go:131.31,133.3 1 2
github.com/wjames2000/opc-macs/internal/memory/engine.go:134.2,134.20 1 1
github.com/wjames2000/opc-macs/internal/memory/engine.go:137.101,140.2 2 0
github.com/wjames2000/opc-macs/internal/memory/engine.go:142.47,146.2 3 3
github.com/wjames2000/opc-macs/internal/memory/engine.go:148.40,150.2 1 1
github.com/wjames2000/opc-macs/internal/memory/engine.go:152.47,154.16 2 4
github.com/wjames2000/opc-macs/internal/memory/engine.go:154.16,156.3 1 3
github.com/wjames2000/opc-macs/internal/memory/engine.go:158.2,158.20 1 1
github.com/wjames2000/opc-macs/internal/memory/engine.go:158.20,160.3 1 0
github.com/wjames2000/opc-macs/internal/memory/engine.go:162.2,162.57 1 1
github.com/wjames2000/opc-macs/internal/memory/engine.go:162.57,164.63 2 0
github.com/wjames2000/opc-macs/internal/memory/engine.go:164.63,165.67 1 0
github.com/wjames2000/opc-macs/internal/memory/engine.go:165.67,167.5 1 0
github.com/wjames2000/opc-macs/internal/memory/engine.go:169.3,169.57 1 0
github.com/wjames2000/opc-macs/internal/memory/engine.go:172.2,172.12 1 1
github.com/wjames2000/opc-macs/internal/memory/engine.go:175.128,176.21 1 4
github.com/wjames2000/opc-macs/internal/memory/engine.go:176.21,178.3 1 4
github.com/wjames2000/opc-macs/internal/memory/engine.go:179.2,188.3 1 4
github.com/wjames2000/opc-macs/internal/memory/engine.go:191.43,195.27 4 8
github.com/wjames2000/opc-macs/internal/memory/engine.go:195.27,197.3 1 128
github.com/wjames2000/opc-macs/internal/memory/engine.go:198.2,198.12 1 8
github.com/wjames2000/opc-macs/internal/harness/contract.go:12.72,13.43 1 2
github.com/wjames2000/opc-macs/internal/harness/contract.go:13.43,16.3 1 1
github.com/wjames2000/opc-macs/internal/harness/contract.go:17.2,17.12 1 1
github.com/wjames2000/opc-macs/internal/harness/guardrail.go:21.41,22.11 1 2
github.com/wjames2000/opc-macs/internal/harness/guardrail.go:23.19,24.11 1 1
github.com/wjames2000/opc-macs/internal/harness/guardrail.go:25.25,26.11 1 1
github.com/wjames2000/opc-macs/internal/harness/guardrail.go:27.21,28.11 1 0
github.com/wjames2000/opc-macs/internal/harness/guardrail.go:29.10,30.11 1 0
github.com/wjames2000/opc-macs/internal/harness/guardrail.go:51.65,53.2 1 2
github.com/wjames2000/opc-macs/internal/harness/guardrail.go:55.56,57.2 1 0
github.com/wjames2000/opc-macs/internal/harness/guardrail.go:59.74,62.32 2 2
github.com/wjames2000/opc-macs/internal/harness/guardrail.go:62.32,65.20 2 3
github.com/wjames2000/opc-macs/internal/harness/guardrail.go:66.27,67.39 1 2
github.com/wjames2000/opc-macs/internal/harness/guardrail.go:67.39,69.5 1 2
github.com/wjames2000/opc-macs/internal/harness/guardrail.go:70.29,71.39 1 1
github.com/wjames2000/opc-macs/internal/harness/guardrail.go:71.39,73.5 1 1
github.com/wjames2000/opc-macs/internal/harness/guardrail.go:74.11,75.21 1 0
github.com/wjames2000/opc-macs/internal/harness/guardrail.go:78.3,78.16 1 3
github.com/wjames2000/opc-macs/internal/harness/guardrail.go:78.16,85.70 2 2
github.com/wjames2000/opc-macs/internal/harness/guardrail.go:85.70,87.5 1 2
github.com/wjames2000/opc-macs/internal/harness/guardrail.go:91.2,91.17 1 2
github.com/wjames2000/opc-macs/internal/harness/guardrail.go:91.17,93.3 1 1
github.com/wjames2000/opc-macs/internal/harness/guardrail.go:94.2,94.13 1 1
github.com/wjames2000/opc-macs/internal/harness/guardrail.go:97.46,99.2 1 3
github.com/wjames2000/opc-macs/internal/harness/guardrail.go:101.42,105.2 3 3
github.com/wjames2000/opc-macs/internal/harness/guardrail.go:107.31,109.30 2 6
github.com/wjames2000/opc-macs/internal/harness/guardrail.go:109.30,111.27 2 70
github.com/wjames2000/opc-macs/internal/harness/guardrail.go:111.27,113.4 1 0
github.com/wjames2000/opc-macs/internal/harness/guardrail.go:113.9,115.4 1 70
github.com/wjames2000/opc-macs/internal/harness/guardrail.go:117.2,117.18 1 6
github.com/wjames2000/opc-macs/internal/harness/guardrail.go:120.41,122.2 1 3
github.com/wjames2000/opc-macs/internal/harness/guardrail.go:124.39,125.43 1 3
github.com/wjames2000/opc-macs/internal/harness/guardrail.go:125.43,126.35 1 34
github.com/wjames2000/opc-macs/internal/harness/guardrail.go:126.35,128.4 1 2
github.com/wjames2000/opc-macs/internal/harness/guardrail.go:130.2,130.14 1 1
github.com/wjames2000/opc-macs/internal/harness/role.go:20.49,22.2 1 0
github.com/wjames2000/opc-macs/internal/harness/role.go:32.123,40.2 1 2
github.com/wjames2000/opc-macs/internal/harness/role.go:42.61,43.36 1 2
github.com/wjames2000/opc-macs/internal/harness/role.go:43.36,44.23 1 3
github.com/wjames2000/opc-macs/internal/harness/role.go:44.23,46.4 1 1
github.com/wjames2000/opc-macs/internal/harness/role.go:48.2,52.3 1 1
github.com/wjames2000/opc-macs/internal/harness/role.go:55.61,57.41 2 2
github.com/wjames2000/opc-macs/internal/harness/role.go:57.41,58.53 1 3
github.com/wjames2000/opc-macs/internal/harness/role.go:58.53,64.4 1 1
github.com/wjames2000/opc-macs/internal/harness/role.go:66.2,66.12 1 1
github.com/wjames2000/opc-macs/internal/harness/state.go:52.56,57.2 1 4
github.com/wjames2000/opc-macs/internal/harness/state.go:59.61,61.9 2 6
github.com/wjames2000/opc-macs/internal/harness/state.go:61.9,63.3 1 0
github.com/wjames2000/opc-macs/internal/harness/state.go:65.2,66.28 2 6
github.com/wjames2000/opc-macs/internal/harness/state.go:66.28,67.18 1 6
github.com/wjames2000/opc-macs/internal/harness/state.go:67.18,69.9 2 5
github.com/wjames2000/opc-macs/internal/harness/state.go:72.2,72.12 1 6
github.com/wjames2000/opc-macs/internal/harness/state.go:72.12,75.3 1 1
github.com/wjames2000/opc-macs/internal/harness/state.go:77.2,78.40 2 5
github.com/wjames2000/opc-macs/internal/harness/state.go:78.40,83.3 4 1
github.com/wjames2000/opc-macs/internal/harness/state.go:85.2,88.12 4 4
github.com/wjames2000/opc-macs/internal/harness/state.go:91.46,93.2 1 2
github.com/wjames2000/opc-macs/internal/harness/state.go:95.65,97.2 1 1
github.com/wjames2000/opc-macs/internal/harness/state.go:99.64,100.33 1 5
github.com/wjames2000/opc-macs/internal/harness/state.go:100.33,102.3 1 1
github.com/wjames2000/opc-macs/internal/harness/state.go:105.37,106.35 1 2
github.com/wjames2000/opc-macs/internal/harness/state.go:106.35,108.3 1 2
github.com/wjames2000/opc-macs/internal/harness/state.go:109.2,109.43 1 0
github.com/wjames2000/opc-macs/internal/hitl/handler.go:22.62,24.2 1 5
github.com/wjames2000/opc-macs/internal/hitl/handler.go:26.76,36.21 3 5
github.com/wjames2000/opc-macs/internal/hitl/handler.go:36.21,38.3 1 0
github.com/wjames2000/opc-macs/internal/hitl/handler.go:40.2,41.44 2 5
github.com/wjames2000/opc-macs/internal/agent/agent.go:8.73,12.2 1 0
github.com/wjames2000/opc-macs/internal/agent/reviewer.go:17.42,22.2 1 0
github.com/wjames2000/opc-macs/internal/agent/reviewer.go:24.121,27.16 3 0
github.com/wjames2000/opc-macs/internal/agent/reviewer.go:27.16,34.3 1 0
github.com/wjames2000/opc-macs/internal/agent/reviewer.go:36.2,37.16 2 0
github.com/wjames2000/opc-macs/internal/agent/reviewer.go:37.16,44.3 1 0
github.com/wjames2000/opc-macs/internal/agent/reviewer.go:46.2,46.20 1 0
github.com/wjames2000/opc-macs/internal/agent/reviewer.go:49.130,52.55 2 0
github.com/wjames2000/opc-macs/internal/agent/reviewer.go:52.55,53.18 1 0
github.com/wjames2000/opc-macs/internal/agent/reviewer.go:53.18,55.4 1 0
github.com/wjames2000/opc-macs/internal/agent/reviewer.go:57.3,58.17 2 0
github.com/wjames2000/opc-macs/internal/agent/reviewer.go:58.17,60.4 1 0
github.com/wjames2000/opc-macs/internal/agent/reviewer.go:62.3,62.20 1 0
github.com/wjames2000/opc-macs/internal/agent/reviewer.go:62.20,64.4 1 0
github.com/wjames2000/opc-macs/internal/agent/reviewer.go:66.3,68.53 2 0
github.com/wjames2000/opc-macs/internal/agent/reviewer.go:68.53,69.9 1 0
github.com/wjames2000/opc-macs/internal/agent/reviewer.go:73.2,73.24 1 0
github.com/wjames2000/opc-macs/internal/agent/reviewer.go:76.87,81.33 5 0
github.com/wjames2000/opc-macs/internal/agent/reviewer.go:81.33,83.3 1 0
github.com/wjames2000/opc-macs/internal/agent/reviewer.go:84.2,95.15 3 0
github.com/wjames2000/opc-macs/internal/agent/reviewer.go:114.69,116.19 2 0
github.com/wjames2000/opc-macs/internal/agent/reviewer.go:116.19,118.3 1 0
github.com/wjames2000/opc-macs/internal/agent/reviewer.go:120.2,121.63 2 0
github.com/wjames2000/opc-macs/internal/agent/reviewer.go:121.63,123.3 1 0
github.com/wjames2000/opc-macs/internal/agent/reviewer.go:125.2,132.33 2 0
github.com/wjames2000/opc-macs/internal/agent/reviewer.go:132.33,138.3 1 0
github.com/wjames2000/opc-macs/internal/agent/reviewer.go:140.2,140.20 1 0
github.com/wjames2000/opc-macs/internal/agent/router.go:38.62,40.2 1 0
github.com/wjames2000/opc-macs/internal/agent/router.go:42.42,47.28 5 0
github.com/wjames2000/opc-macs/internal/agent/router.go:47.28,49.3 1 0
github.com/wjames2000/opc-macs/internal/agent/router.go:50.2,51.20 2 0
github.com/wjames2000/opc-macs/internal/agent/router.go:71.59,74.28 3 0
github.com/wjames2000/opc-macs/internal/agent/router.go:74.28,76.3 1 0
github.com/wjames2000/opc-macs/internal/agent/router.go:77.2,79.15 3 0
github.com/wjames2000/opc-macs/internal/agent/router.go:82.87,86.16 3 0
github.com/wjames2000/opc-macs/internal/agent/router.go:86.16,88.3 1 0
github.com/wjames2000/opc-macs/internal/agent/router.go:90.2,90.40 1 0
github.com/wjames2000/opc-macs/internal/agent/router.go:95.65,97.19 2 0
github.com/wjames2000/opc-macs/internal/agent/router.go:97.19,99.3 1 0
github.com/wjames2000/opc-macs/internal/agent/router.go:101.2,102.63 2 0
github.com/wjames2000/opc-macs/internal/agent/router.go:102.63,104.3 1 0
github.com/wjames2000/opc-macs/internal/agent/router.go:106.2,106.41 1 0
github.com/wjames2000/opc-macs/internal/agent/router.go:109.81,110.36 1 0
github.com/wjames2000/opc-macs/internal/agent/router.go:110.36,115.3 1 0
github.com/wjames2000/opc-macs/internal/agent/router.go:117.2,118.16 2 0
github.com/wjames2000/opc-macs/internal/agent/router.go:118.16,123.3 1 0
github.com/wjames2000/opc-macs/internal/agent/router.go:125.2,125.48 1 0
github.com/wjames2000/opc-macs/internal/agent/router.go:125.48,130.3 1 0
github.com/wjames2000/opc-macs/internal/agent/router.go:132.2,133.9 2 0
github.com/wjames2000/opc-macs/internal/agent/router.go:133.9,138.3 1 0
github.com/wjames2000/opc-macs/internal/agent/router.go:140.2,144.8 1 0
github.com/wjames2000/opc-macs/internal/agent/router.go:147.46,150.28 3 0
github.com/wjames2000/opc-macs/internal/agent/router.go:150.28,152.3 1 0
github.com/wjames2000/opc-macs/internal/agent/router.go:153.2,153.34 1 0
github.com/wjames2000/opc-macs/internal/runtime/loader.go:15.43,20.2 1 0
github.com/wjames2000/opc-macs/internal/runtime/loader.go:22.34,24.16 2 0
github.com/wjames2000/opc-macs/internal/runtime/loader.go:24.16,26.3 1 0
github.com/wjames2000/opc-macs/internal/runtime/loader.go:28.2,28.32 1 0
github.com/wjames2000/opc-macs/internal/runtime/loader.go:28.32,29.59 1 0
github.com/wjames2000/opc-macs/internal/runtime/loader.go:29.59,30.12 1 0
github.com/wjames2000/opc-macs/internal/runtime/loader.go:32.3,32.79 1 0
github.com/wjames2000/opc-macs/internal/runtime/loader.go:32.79,34.4 1 0
github.com/wjames2000/opc-macs/internal/runtime/loader.go:36.2,36.12 1 0
github.com/wjames2000/opc-macs/internal/runtime/loader.go:39.48,41.16 2 0
github.com/wjames2000/opc-macs/internal/runtime/loader.go:41.16,43.3 1 0
github.com/wjames2000/opc-macs/internal/runtime/loader.go:45.2,46.16 2 0
github.com/wjames2000/opc-macs/internal/runtime/loader.go:46.16,48.3 1 0
github.com/wjames2000/opc-macs/internal/runtime/loader.go:50.2,51.9 2 0
github.com/wjames2000/opc-macs/internal/runtime/loader.go:51.9,53.3 1 0
github.com/wjames2000/opc-macs/internal/runtime/loader.go:55.2,56.47 2 0
github.com/wjames2000/opc-macs/internal/runtime/loader.go:56.47,58.3 1 0
github.com/wjames2000/opc-macs/internal/runtime/loader.go:60.2,62.12 3 0
github.com/wjames2000/opc-macs/internal/runtime/loader.go:65.55,68.2 2 0
github.com/wjames2000/opc-macs/internal/runtime/loader.go:70.38,72.30 2 0
github.com/wjames2000/opc-macs/internal/runtime/loader.go:72.30,74.3 1 0
github.com/wjames2000/opc-macs/internal/runtime/loader.go:75.2,75.15 1 0
github.com/wjames2000/opc-macs/internal/runtime/loader.go:78.30,80.2 1 0
